<?xml version="1.0" encoding="UTF-8"?>
<testsuites name="jest tests" tests="4" failures="1" time="2.925">
  <testsuite name="Contacts APP" errors="0" failures="1" skipped="0" timestamp="2020-05-12T22:55:10" time="2.368" tests="4">
    <testcase classname="Contacts APP Should render Contact component" name="Contacts APP Should render Contact component" time="0.026">
      <failure>Error: Unable to find an element by: [data-testid=&quot;contact&quot;]

&lt;body&gt;
  &lt;div /&gt;
&lt;/body&gt;
    at Object.getElementError (/home/fabmak/codenation/react-13/node_modules/@testing-library/dom/dist/config.js:34:12)
    at /home/fabmak/codenation/react-13/node_modules/@testing-library/dom/dist/query-helpers.js:71:38
    at getByTestId (/home/fabmak/codenation/react-13/node_modules/@testing-library/dom/dist/query-helpers.js:54:17)
    at Object.&lt;anonymous&gt; (/home/fabmak/codenation/react-13/src/__tests__/submit.test.js:22:21)
    at Object.asyncJestTest (/home/fabmak/codenation/react-13/node_modules/jest-jasmine2/build/jasmineAsyncInstall.js:102:37)
    at /home/fabmak/codenation/react-13/node_modules/jest-jasmine2/build/queueRunner.js:43:12
    at new Promise (&lt;anonymous&gt;)
    at mapper (/home/fabmak/codenation/react-13/node_modules/jest-jasmine2/build/queueRunner.js:26:19)
    at /home/fabmak/codenation/react-13/node_modules/jest-jasmine2/build/queueRunner.js:73:41
    at processTicksAndRejections (internal/process/task_queues.js:97:5)</failure>
    </testcase>
    <testcase classname="Contacts APP Should render Contacts component" name="Contacts APP Should render Contacts component" time="0.014">
    </testcase>
    <testcase classname="Contacts APP Should render Filters component" name="Contacts APP Should render Filters component" time="0.009">
    </testcase>
    <testcase classname="Contacts APP Should render Topbar component" name="Contacts APP Should render Topbar component" time="0.005">
    </testcase>
  </testsuite>
</testsuites>